
> derecho-uba@0.1.0 dev
> next dev

▲ Next.js 16.2.11 (Turbopack)
- Local:         http://localhost:3000
- Network:       http://192.168.0.88:3000
- Environments: .env.local
✓ Ready in 5.3s

 GET / 200 in 2.5s (next.js: 1249ms, application-code: 1293ms)
 GET / 200 in 625ms (next.js: 40ms, application-code: 584ms)
○ Compiling /dashboard ...
 GET /dashboard 200 in 20.2s (next.js: 19.4s, application-code: 802ms)
✓ Finished filesystem cache database compaction in 11.6s
○ Compiling /dashboard/[materia] ...
 GET /dashboard/contratos-i 200 in 9.8s (next.js: 9.6s, application-code: 167ms)
 GET /dashboard 200 in 139ms (next.js: 30ms, application-code: 110ms)
○ Compiling /admin ...
 GET /admin 200 in 4.5s (next.js: 3.5s, application-code: 987ms)
 GET /dashboard 200 in 234ms (next.js: 33ms, application-code: 201ms)
✓ Compiled in 11.3s
✓ Finished writing to filesystem cache in 12.8s
○ Compiling /_error ...
✓ Compiled in 35.4s
✓ Finished writing to filesystem cache in 14.8s
 GET /dashboard 500 in 46s (next.js: 33.0s, application-code: 13.0s)
 GET /dashboard 500 in 66s (next.js: 66s, application-code: 88ms)
 GET /dashboard 500 in 114ms (next.js: 53ms, application-code: 61ms)
 GET /dashboard 500 in 104ms (next.js: 53ms, application-code: 52ms)
 GET /dashboard 500 in 221ms (next.js: 86ms, application-code: 135ms)
